// Jest Snapshot v1, https://goo.gl/fbAQLP

exports[`Old request component should render an old request 1`] = `
<DocumentFragment>
  <ul
    id="History"
  >
    <li
      class="Request"
    >
      <p
        class="method"
      >
        GET
      </p>
      <p
        class="url"
      >
        google.com
      </p>
    </li>
    <li
      class="Request"
    >
      <p
        class="method"
      >
        GET
      </p>
      <p
        class="url"
      >
        yahoo.com
      </p>
    </li>
    <li
      class="Request"
    >
      <p
        class="method"
      >
        GET
      </p>
      <p
        class="url"
      >
        wiseguy.com
      </p>
    </li>
  </ul>
</DocumentFragment>
`;
